// Jest Snapshot v1, https://goo.gl/fbAQLP

exports[`ShortVideos 1`] = `
<RecoilRoot_INTERNAL>
  <LinearWithValueLabel />
</RecoilRoot_INTERNAL>
`;
