// Jest Snapshot v1, https://goo.gl/fbAQLP

exports[`CommentNew 1`] = `
<RecoilRoot_INTERNAL>
  <Comment />
</RecoilRoot_INTERNAL>
`;
