// Jest Snapshot v1, https://goo.gl/fbAQLP

exports[`firebase 1`] = `<useFirebaseAuth />`;
