// Jest Snapshot v1, https://goo.gl/fbAQLP

exports[`Arrow 1`] = `
<styled.div>
  <img
    alt="right arrow"
    className="h-6 w-6"
  />
</styled.div>
`;
